// Jest Snapshot v1, https://goo.gl/fbAQLP

exports[`ProductCarousel Should renders correct number of images 1`] = `
<View
  onLayout={[Function]}
  style={
    {
      "backgroundColor": "rgba(8, 11, 18, 0.3)",
      "height": "100%",
      "position": "relative",
    }
  }
  testID="product-carousel-container"
>
  <RCTScrollView
    horizontal={true}
    onScroll={[Function]}
    pagingEnabled={true}
    scrollEventThrottle={16}
    showsHorizontalScrollIndicator={false}
    testID="product-carousel-scroll"
  >
    <View>
      <View
        style={
          [
            {
              "overflow": "hidden",
            },
            {
              "resizeMode": "cover",
              "width": 0,
            },
          ]
        }
      >
        <FastImageView
          defaultSource={null}
          resizeMode="cover"
          source={
            {
              "priority": "normal",
              "uri": "image1.jpg",
            }
          }
          style={
            {
              "bottom": 0,
              "left": 0,
              "position": "absolute",
              "right": 0,
              "top": 0,
            }
          }
          testID="product-carousel-image"
        />
      </View>
      <View
        style={
          [
            {
              "overflow": "hidden",
            },
            {
              "resizeMode": "cover",
              "width": 0,
            },
          ]
        }
      >
        <FastImageView
          defaultSource={null}
          resizeMode="cover"
          source={
            {
              "priority": "normal",
              "uri": "image2.jpg",
            }
          }
          style={
            {
              "bottom": 0,
              "left": 0,
              "position": "absolute",
              "right": 0,
              "top": 0,
            }
          }
          testID="product-carousel-image"
        />
      </View>
      <View
        style={
          [
            {
              "overflow": "hidden",
            },
            {
              "resizeMode": "cover",
              "width": 0,
            },
          ]
        }
      >
        <FastImageView
          defaultSource={null}
          resizeMode="cover"
          source={
            {
              "priority": "normal",
              "uri": "image3.jpg",
            }
          }
          style={
            {
              "bottom": 0,
              "left": 0,
              "position": "absolute",
              "right": 0,
              "top": 0,
            }
          }
          testID="product-carousel-image"
        />
      </View>
    </View>
  </RCTScrollView>
  <View
    style={
      {
        "alignItems": "center",
        "alignSelf": "center",
        "bottom": 15,
        "flexDirection": "row",
        "gap": 5,
        "position": "absolute",
        "zIndex": 999,
      }
    }
  >
    <View
      collapsable={false}
      style={
        {
          "backgroundColor": "rgba(255, 255, 255, 1)",
          "borderRadius": 9999,
          "height": 6,
          "opacity": 0.4,
          "width": 6,
        }
      }
      testID="product-carousel-dot-item"
    />
    <View
      collapsable={false}
      style={
        {
          "backgroundColor": "rgba(255, 255, 255, 1)",
          "borderRadius": 9999,
          "height": 6,
          "opacity": 0.4,
          "width": 6,
        }
      }
      testID="product-carousel-dot-item"
    />
    <View
      collapsable={false}
      style={
        {
          "backgroundColor": "rgba(255, 255, 255, 1)",
          "borderRadius": 9999,
          "height": 6,
          "opacity": 0.4,
          "width": 6,
        }
      }
      testID="product-carousel-dot-item"
    />
  </View>
</View>
`;
